// Jest Snapshot v1, https://goo.gl/fbAQLP

exports[`CardItems Components Should match snapshot 1`] = `
<div>
  <div
    className="list-group-item list-group-item-warning"
    disabled={false}
    onClick={[Function]}
  >
    Project is 
    <strong>
      EDITABLE
    </strong>
    .
  </div>
  <div
    className="list-group-item"
    disabled={false}
    onClick={[Function]}
  >
    <p
      className="mb-0"
    >
      Project belongs to
       
      <strong>
        Test Consortium
      </strong>
      .
    </p>
  </div>
  <div
    className="list-group-item"
    disabled={false}
    onClick={[Function]}
  >
    <p
      className="mb-0"
    >
      Project has
       
      <strong
        project={
          {
            "data": {
              "consortium": 1,
              "created_at": "2023-01-01T00:00:00Z",
              "current_user_role": "Member",
              "num_collaborators": 3,
              "status": "EDITABLE",
            },
          }
        }
      >
        3
         collaborator
        s
      </strong>
      .
    </p>
    <p
      className="mt-2 mb-0"
    >
      You are 
      a
       
      <strong>
        member
      </strong>
      .
    </p>
  </div>
  <div
    className="list-group-item"
    disabled={false}
    onClick={[Function]}
  >
    Project was created 
    <strong>
      2 days ago
    </strong>
    .
  </div>
  
</div>
`;
