// Jest Snapshot v1, https://goo.gl/fbAQLP

exports[`CollaboratorsListItems Components CollaboratorsListItems Should match the snapshot 1`] = `null`;
