// Jest Snapshot v1, https://goo.gl/fbAQLP

exports[`renders the JASMIN Projects Portal Homepage correctly 1`] = `
<div
  className="row"
>
  <div
    className="col"
  >
    <div
      className="jumbotron"
    >
      <h1>
        JASMIN Projects Portal
      </h1>
      <p>
        Welcome to the JASMIN Projects Portal.
      </p>
      <p>
        Using this portal, you can request JASMIN resources for your project and track their status.
      </p>
      <a
        className="btn btn-primary btn-lg"
        href="/projects"
        onClick={[Function]}
        onKeyDown={[Function]}
      >
        Manage my projects
      </a>
    </div>
  </div>
</div>
`;
