// Jest Snapshot v1, https://goo.gl/fbAQLP

exports[`ConsortiumList Component matches the snapshot 1`] = `
[
  <div
    className="row"
  >
    <div
      className="col"
    >
      <h1
        className="border-bottom mt-4 mb-3"
      >
        Consortia
      </h1>
    </div>
  </div>,
  <div
    className="row row-cols-lg-3 row-cols-sm-2 row-cols-1"
  >
    <div
      className="col"
    >
      <div
        className="mb-3 card"
        style={
          {
            "borderWidth": "3px",
          }
        }
      >
        <div
          className="card-header"
        >
          <h5
            className="mb-0"
          >
            Consortium A
          </h5>
        </div>
        <div
          className="border-0 list-group list-group-flush"
          onKeyDown={[Function]}
        >
          <div
            className="list-group-item"
            data-rb-event-key={null}
            disabled={false}
            onClick={[Function]}
          >
            Description A
          </div>
          <div
            className="list-group-item"
            data-rb-event-key={null}
            disabled={false}
            onClick={[Function]}
          >
            Consortium has
             
            <strong>
              5
               project
              s
            </strong>
            .
          </div>
          <div
            className="list-group-item list-group-item-warning"
            data-rb-event-key={null}
            disabled={false}
            onClick={[Function]}
          >
            You have
             
            <strong>
              2
               project
              s
            </strong>
             
            in this consortium.
          </div>
          <div
            className="list-group-item list-group-item-success"
            data-rb-event-key={null}
            disabled={false}
            onClick={[Function]}
          >
            <strong>
              You are the consortium manager.
            </strong>
          </div>
        </div>
        <div
          className="text-right card-footer"
        >
          <a
            href="/consortia/1"
            onClick={[Function]}
          >
            <button
              className="btn btn-outline-primary"
              disabled={false}
              type="button"
            >
              Go to consortium
            </button>
          </a>
        </div>
      </div>
    </div>
    <div
      className="col"
    >
      <div
        className="mb-3 card"
        style={
          {
            "borderWidth": "3px",
          }
        }
      >
        <div
          className="card-header"
        >
          <h5
            className="mb-0"
          >
            Consortium B
          </h5>
        </div>
        <div
          className="border-0 list-group list-group-flush"
          onKeyDown={[Function]}
        >
          <div
            className="list-group-item"
            data-rb-event-key={null}
            disabled={false}
            onClick={[Function]}
          >
            Description B
          </div>
          <div
            className="list-group-item list-group-item-danger"
            data-rb-event-key={null}
            disabled={false}
            onClick={[Function]}
          >
            This consortium is 
            <strong>
              not public
            </strong>
            .
          </div>
          <div
            className="list-group-item"
            data-rb-event-key={null}
            disabled={false}
            onClick={[Function]}
          >
            Consortium has
             
            <strong>
              1
               project
              
            </strong>
            .
          </div>
          <div
            className="list-group-item"
            data-rb-event-key={null}
            disabled={false}
            onClick={[Function]}
          >
            Manager is 
            <strong>
              Bob Jones
            </strong>
            .
          </div>
        </div>
      </div>
    </div>
  </div>,
]
`;
