// Jest Snapshot v1, https://goo.gl/fbAQLP

exports[`ProjectsPane Component Should match the snapshot 1`] = `
<div
  className="row-cols-xxl-4 row row-cols-lg-3 row-cols-sm-2 row-cols-1"
>
  <div
    className="col"
  >
    <div
      className="mb-3 card"
      style={
        {
          "borderWidth": "3px",
        }
      }
    >
      <div
        className="card-header"
      >
        <h5
          className="mb-0"
        >
          Project A
        </h5>
      </div>
      <div
        className="border-0 list-group list-group-flush"
        onKeyDown={[Function]}
      >
        <div
          className="list-group-item list-group-item-info"
          data-rb-event-key={null}
          disabled={false}
          onClick={[Function]}
        >
          Project is 
          <strong>
            UNDER_REVIEW
          </strong>
          .
        </div>
        <div
          className="list-group-item"
          data-rb-event-key={null}
          disabled={false}
          onClick={[Function]}
        >
          Project has
           
          <strong>
            3
             requirement
            s
          </strong>
           in
           
          <strong>
            2
             service
            s
          </strong>
          .
        </div>
        <div
          className="list-group-item"
          data-rb-event-key={null}
          disabled={false}
          onClick={[Function]}
        >
          <p
            className="mb-0"
          >
            Project has
             
            <strong
              project={
                {
                  "data": {
                    "created_at": "2023-01-01",
                    "id": 1,
                    "name": "Project A",
                    "num_collaborators": 2,
                    "num_requirements": 3,
                    "num_services": 2,
                    "status": "UNDER_REVIEW",
                  },
                }
              }
            >
              1
               collaborator
              
            </strong>
            .
          </p>
          <p
            className="mt-2 mb-0"
          >
            You are 
            an
             
            <strong>
              owner
            </strong>
            .
          </p>
        </div>
        <div
          className="list-group-item"
          data-rb-event-key={null}
          disabled={false}
          onClick={[Function]}
        >
          Project was created 
          <strong>
            2 years ago
          </strong>
          .
        </div>
        <div
          className="list-group-item"
          data-rb-event-key={null}
          disabled={false}
          onClick={[Function]}
        >
          <div
            style={
              {
                "display": "inline-flex",
              }
            }
          >
            Tags:  
            <div>
              <b>
                <font
                  size="3"
                >
                  Tag1
                    
                </font>
              </b>
            </div>
            <div>
              <b>
                <font
                  size="3"
                >
                  Tag2
                    
                </font>
              </b>
            </div>
          </div>
        </div>
      </div>
      <div
        className="text-right card-footer"
      >
        <a
          className="btn btn-outline-primary"
          href="/projects/1"
          onClick={[Function]}
          onKeyDown={[Function]}
        >
          Go to project
        </a>
      </div>
    </div>
  </div>
  <div
    className="col"
  >
    <div
      className="mb-3 card"
      style={
        {
          "borderWidth": "3px",
        }
      }
    >
      <div
        className="card-header"
      >
        <h5
          className="mb-0"
        >
          Project B
        </h5>
      </div>
      <div
        className="border-0 list-group list-group-flush"
        onKeyDown={[Function]}
      >
        <div
          className="list-group-item list-group-item-warning"
          data-rb-event-key={null}
          disabled={false}
          onClick={[Function]}
        >
          Project is 
          <strong>
            EDITABLE
          </strong>
          .
        </div>
        <div
          className="list-group-item"
          data-rb-event-key={null}
          disabled={false}
          onClick={[Function]}
        >
          Project has
           
          <strong>
            1
             requirement
            
          </strong>
           in
           
          <strong>
            1
             service
            
          </strong>
          .
        </div>
        <div
          className="list-group-item"
          data-rb-event-key={null}
          disabled={false}
          onClick={[Function]}
        >
          <p
            className="mb-0"
          >
            Project has
             
            <strong
              project={
                {
                  "data": {
                    "created_at": "2023-01-02",
                    "id": 2,
                    "name": "Project B",
                    "num_collaborators": 1,
                    "num_requirements": 1,
                    "num_services": 1,
                    "status": "EDITABLE",
                  },
                }
              }
            >
              1
               collaborator
              
            </strong>
            .
          </p>
          <p
            className="mt-2 mb-0"
          >
            You are 
            an
             
            <strong>
              owner
            </strong>
            .
          </p>
        </div>
        <div
          className="list-group-item"
          data-rb-event-key={null}
          disabled={false}
          onClick={[Function]}
        >
          Project was created 
          <strong>
            2 years ago
          </strong>
          .
        </div>
        <div
          className="list-group-item"
          data-rb-event-key={null}
          disabled={false}
          onClick={[Function]}
        >
          <div
            style={
              {
                "display": "inline-flex",
              }
            }
          >
            Tags:  
            <div>
              <b>
                <font
                  size="3"
                >
                  Tag1
                    
                </font>
              </b>
            </div>
            <div>
              <b>
                <font
                  size="3"
                >
                  Tag2
                    
                </font>
              </b>
            </div>
          </div>
        </div>
      </div>
      <div
        className="text-right card-footer"
      >
        <a
          className="btn btn-outline-primary"
          href="/projects/2"
          onClick={[Function]}
          onKeyDown={[Function]}
        >
          Go to project
        </a>
      </div>
    </div>
  </div>
</div>
`;
