// Jest Snapshot v1, https://goo.gl/fbAQLP

exports[`QuotaProgressBar Component Should match the snapshot 1`] = `
<div
  className="quota-progress-bar-container"
>
  <div
    className="text-center"
  >
    60GB
     
    of
     
    100GB
     
    committed (
    60
    %)
  </div>
  <div
    className="quota-progress-bar"
  >
    <div
      className="progress"
    >
      <div
        aria-valuemax={100}
        aria-valuemin={0}
        aria-valuenow={10}
        className="progress-bar bg-info"
        onMouseEnter={[Function]}
        onMouseLeave={[Function]}
        role="progressbar"
        style={
          {
            "width": "10%",
          }
        }
      />
      <div
        aria-valuemax={100}
        aria-valuemin={0}
        aria-valuenow={20}
        className="progress-bar bg-warning"
        onMouseEnter={[Function]}
        onMouseLeave={[Function]}
        role="progressbar"
        style={
          {
            "width": "20%",
          }
        }
      />
      <div
        aria-valuemax={100}
        aria-valuemin={0}
        aria-valuenow={30}
        className="progress-bar bg-success"
        onMouseEnter={[Function]}
        onMouseLeave={[Function]}
        role="progressbar"
        style={
          {
            "width": "30%",
          }
        }
      />
      <div
        aria-valuemax={100}
        aria-valuemin={0}
        aria-valuenow={40}
        className="progress-bar bg-transparent"
        onMouseEnter={[Function]}
        onMouseLeave={[Function]}
        role="progressbar"
        style={
          {
            "width": "40%",
          }
        }
      />
    </div>
  </div>
</div>
`;
